obj_dude.msg    ; obj_dude.int
reserved.msg
reserved.msg
reserved.msg
reserved.msg
reserved.msg
reserved.msg
acwarior.msg    ; acwarior.int
acvillgr.msg    ; acvillgr.int
acmynoc.msg     ; acmynoc.int
ahelder.msg     ; ahelder.int
ahhakun.msg     ; ahhakun.int
door.msg        ; door.int
generic.msg     ; generic.int
reserved.msg
containr.msg    ; containr.int
acbrahmn.msg    ; acbrahmn.int
acsporpl.msg    ; acsporpl.int
zclrat.msg      ; zclrat.int
zclscorp.msg    ; zclscorp.int
zclmanti.msg    ; zclmanti.int
zcldthcl.msg    ; zcldthcl.int
aivase.msg      ; aivase.int
aichest.msg     ; aichest.int
arcaves.msg     ; arcaves.int
reserved.msg
arvillag.msg    ; arvillag.int
arbridge.msg    ; arbridge.int
reserved.msg
sprtrp0.msg     ; sprtrp0.int
reserved.msg
reserved.msg
reserved.msg
reserved.msg
reserved.msg
dcaddict.msg    ; dcaddict.int
dcg2grd.msg     ; dcg2grd.int
dccustmr.msg    ; dccustmr.int
dcthug.msg      ; dcthug.int
dcorphan.msg    ; dcorphan.int
dcjoey.msg      ; dcjoey.int
dcflick.msg     ; dcflick.int
dcg1grd.msg     ; dcg1grd.int
dcpetey.msg     ; dcpetey.int
dcsmitty.msg    ; dcsmitty.int
dcmetzge.msg    ; dcmetzge.int
dcslaver.msg    ; dcslaver.int
dctubby.msg     ; dctubby.int
dcanna.msg      ; dcanna.int
dcvic.msg       ; dcvic.int
dcfranki.msg    ; dcfranki.int
dcrebecc.msg    ; dcrebecc.int
dcbilly.msg     ; dcbilly.int
dcsheila.msg    ; dcsheila.int
dcmom.msg       ; dcmom.int
dcslvrun.msg    ; dcslvrun.int
reserved.msg
reserved.msg
denbus1.msg     ; denbus1.int
denbus2.msg     ; denbus2.int
denres1.msg     ; denres1.int
dianngrv.msg    ; dianngrv.int
didadgrv.msg    ; didadgrv.int
dimomgrv.msg    ; dimomgrv.int
dibones.msg     ; dibones.int
didiary.msg     ; didiary.int
dilocket.msg    ; dilocket.int
distill.msg     ; distill.int
zigengrv.msg    ; zigengrv.int
ziblkjck.msg    ; ziblkjck.int
zcslave.msg     ; zcslave.int
reserved.msg
reserved.msg
kcbob.msg       ; kcbob.int
dccraps.msg     ; dccraps.int
kcaldo.msg      ; kcaldo.int
kcardin.msg     ; kcardin.int
kchild.msg      ; kchild.int
kcitizen.msg    ; kcitizen.int
kcmaida.msg     ; kcmaida.int
kcsajag.msg     ; kcsajag.int
kcsally.msg     ; kcsally.int
kcsmiley.msg    ; kcsmiley.int
kcjenny.msg     ; kcjenny.int
kcslim.msg      ; kcslim.int
kctorr.msg      ; kctorr.int
kcdunton.msg    ; kcdunton.int
vccrtcit.msg    ; vccrtcit.int
vccrtout.msg    ; vccrtout.int
vccrtgrd.msg    ; vccrtgrd.int
vcingrd.msg     ; vcingrd.int
vcsteve.msg     ; vcsteve.int
vcandy.msg      ; vcandy.int
vcgatgrd.msg    ; vcgatgrd.int
vcdrtroy.msg    ; vcdrtroy.int
kcyellow.msg    ; kcyellow.int
mcbaltha.msg    ; mcbaltha.int
mccornel.msg    ; mccornel.int
mcdavin.msg     ; mcdavin.int
mcfarrel.msg    ; mcfarrel.int
mcgrisha.msg    ; mcgrisha.int
mcjo.msg        ; mcjo.int
mcjonny.msg     ; mcjonny.int
mckarl.msg      ; mckarl.int
mcladdie.msg    ; mcladdie.int
mcmiria.msg     ; mcmiria.int
mcprotec.msg    ; mcprotec.int
mcrose.msg      ; mcrose.int
mcvegeir.msg    ; mcvegeir.int
vced.msg        ; vced.int
vcharry.msg     ; vcharry.int
vcfsmith.msg    ; vcfsmith.int
vcmelind.msg    ; vcmelind.int
kctrapr.msg     ; kctrapr.int
vcmsmith.msg    ; vcmsmith.int
vcskeeve.msg    ; vcskeeve.int
vcgreg.msg      ; vcgreg.int
vcnancy.msg     ; vcnancy.int
vcrandal.msg    ; vcrandal.int
ktgoo.msg       ; ktgoo.int
vcbarkus.msg    ; vcbarkus.int
vcgenvil.msg    ; vcgenvil.int
vcstark.msg     ; vcstark.int
vcvltgrd.msg    ; vcvltgrd.int
vcoldjoe.msg    ; vcoldjoe.int
vcconnar.msg    ; vcconnar.int
vcwalace.msg    ; vcwalace.int
vclynett.msg    ; vclynett.int
vcmclure.msg    ; vcmclure.int
gcbrain.msg     ; gcbrain.int
gcfestus.msg    ; gcfestus.int
gcgordon.msg    ; gcgordon.int
gchank.msg      ; gchank.int
gcjerem.msg     ; gcjerem.int
gclumpy.msg     ; gclumpy.int
gcskeetr.msg    ; gcskeetr.int
gczomak.msg     ; gczomak.int
gcwooz.msg      ; gcwooz.int
gclenny.msg     ; gclenny.int
gcrdesk.msg     ; gcrdesk.int
reserved.msg
gcrglow.msg     ; gcrglow.int
gcrguard.msg    ; gcrguard.int
reserved.msg
gcfolk.msg      ; gcfolk.int
depolv1.msg     ; depolv1.int
reserved.msg
reserved.msg
wcsecbot.msg    ; wcsecbot.int
reserved.msg
wievcdsk.msg    ; wievcdsk.int
reserved.msg
reserved.msg
wsterm1a.msg    ; wsterm1a.int
wsterm1b.msg    ; wsterm1b.int
wsterm2a.msg    ; wsterm2a.int
wsterm2b.msg    ; wsterm2b.int
wsterm2c.msg    ; wsterm2c.int
wsterm3a.msg    ; wsterm3a.int
wsterm3b.msg    ; wsterm3b.int
wsterm3c.msg    ; wsterm3c.int
wsterm4a.msg    ; wsterm4a.int
wsterm4b.msg    ; wsterm4b.int
wsterm4c.msg    ; wsterm4c.int
wipaswrd.msg    ; wipaswrd.int
wcdobbs.msg     ; wcdobbs.int
wcbrnbot.msg    ; wcbrnbot.int
reserved.msg
reserved.msg
reserved.msg
reserved.msg
shtandi.msg     ; shtandi.int
reserved.msg
reserved.msg
reserved.msg
reserved.msg
reserved.msg
reserved.msg
reserved.msg
reserved.msg
reserved.msg
reserved.msg
reserved.msg
reserved.msg
reserved.msg
reserved.msg
reserved.msg
reserved.msg
reserved.msg
reserved.msg
reserved.msg
reserved.msg
reserved.msg
reserved.msg
modmain.msg     ; modmain.int
modshit.msg     ; modshit.int
reserved.msg
reserved.msg
reserved.msg
acgecko.msg     ; acgecko.int
reserved.msg
reserved.msg
zcbrahmn.msg    ; zcbrahmn.int
mcbalwif.msg    ; mcbalwif.int
reserved.msg
mcatkdog.msg    ; mcatkdog.int
midclrks.msg    ; midclrks.int
mishtrks.msg    ; mishtrks.int
miwalsfe.msg    ; miwalsfe.int
reserved.msg
mitoilet.msg    ; mitoilet.int
milstfnd.msg    ; milstfnd.int
acjordan.msg    ; acjordan.int
acmorlis.msg    ; acmorlis.int
acfist.msg      ; acfist.int
aceric.msg      ; aceric.int
aswell.msg      ; aswell.int
ocgrutha.msg    ; ocgrutha.int
kladwtwn.msg    ; kladwtwn.int
scskeete.msg    ; scskeete.int
acnagor.msg     ; acnagor.int
reserved.msg
reserved.msg
reserved.msg
reserved.msg
reserved.msg
scmikey.msg     ; scmikey.int
reserved.msg
wsemit1a.msg    ; wsemit1a.int
reserved.msg
reserved.msg
reserved.msg
reserved.msg
reserved.msg
reserved.msg
reserved.msg
reserved.msg
reserved.msg
reserved.msg
reserved.msg
reserved.msg
reserved.msg
reserved.msg
reserved.msg
reserved.msg
reserved.msg
reserved.msg
reserved.msg
reserved.msg
reserved.msg
reserved.msg
scbuster.msg    ; scbuster.int
sishelf1.msg    ; sishelf1.int
sishelf2.msg    ; sishelf2.int
sishelf3.msg    ; sishelf3.int
ecraider.msg    ; ecraider.int
reserved.msg
ecmrchnt.msg    ; ecmrchnt.int
ecguard.msg     ; ecguard.int
scrawpat.msg    ; scrawpat.int
reserved.msg
reserved.msg
reserved.msg
reserved.msg
ksbboard.msg    ; ksbboard.int
reserved.msg
reserved.msg
reserved.msg
reserved.msg
reserved.msg
reserved.msg
reserved.msg
reserved.msg
geckpwpl.msg    ; geckpwpl.int
gecktunl.msg    ; gecktunl.int
reserved.msg
reserved.msg
reserved.msg
mbclose.msg     ; mbclose.int
modshit.msg     ; modshit.int
reserved.msg
reserved.msg
reserved.msg
reserved.msg
reserved.msg
reserved.msg
reserved.msg
reserved.msg
reserved.msg
reserved.msg
vault13.msg     ; vault13.int
reserved.msg
reserved.msg
vctyvlt.msg     ; vctyvlt.int
reserved.msg
kstill.msg      ; kstill.int
kcggcust.msg    ; kcggcust.int
kcbhcust.msg    ; kcbhcust.int
scvortis.msg    ; scvortis.int
kcbgirl.msg     ; kcbgirl.int
scslaves.msg    ; scslaves.int
reserved.msg
reserved.msg
zsdrvcar.msg    ; zsdrvcar.int
reserved.msg
klagraz.msg     ; klagraz.int
reserved.msg
gecksetl.msg    ; gecksetl.int
vctyctyd.msg    ; vctyctyd.int
kscorveg.msg    ; kscorveg.int
klatoxcv.msg    ; klatoxcv.int
sislvdor.msg    ; sislvdor.int
reserved.msg
reserved.msg
reserved.msg
reserved.msg
reserved.msg
reserved.msg
scratch.msg     ; scratch.int
ncboxer.msg     ; ncboxer.int
ncmcknee.msg    ; ncmcknee.int
nchollyf.msg    ; nchollyf.int
nctyson.msg     ; nctyson.int
ncscient.msg    ; ncscient.int
scmerk.msg      ; scmerk.int
ncboxfan.msg    ; ncboxfan.int
ncdrgdlr.msg    ; ncdrgdlr.int
nccaspat.msg    ; nccaspat.int
ncpimp.msg      ; ncpimp.int
ncjunkie.msg    ; ncjunkie.int
reserved.msg
reserved.msg
reserved.msg
sifakhlo.msg    ; sifakhlo.int
sclenny.msg     ; sclenny.int
reserved.msg
ncprosti.msg    ; ncprosti.int
ncslave.msg     ; ncslave.int
ncrico.msg      ; ncrico.int
ncactres.msg    ; ncactres.int
ncfluffe.msg    ; ncfluffe.int
klacanyn.msg    ; klacanyn.int
reserved.msg
espwrgen.msg    ; espwrgen.int
reserved.msg
reserved.msg
ncsalmen.msg    ; ncsalmen.int
ncbismen.msg    ; ncbismen.int
ncmormen.msg    ; ncmormen.int
ncwritee.msg    ; ncwritee.int
nccasbou.msg    ; nccasbou.int
scmira.msg      ; scmira.int
newr1.msg       ; newr1.int
reserved.msg
reserved.msg
reserved.msg
reserved.msg
reserved.msg
reserved.msg
reserved.msg
reserved.msg
reserved.msg
reserved.msg
reserved.msg
reserved.msg
scgtegrd.msg    ; scgtegrd.int
esmincrt.msg    ; esmincrt.int
ecmelchr.msg    ; ecmelchr.int
reserved.msg
reserved.msg
scggcap.msg     ; scggcap.int
scslvovr.msg    ; scslvovr.int
reserved.msg
scslvgrd.msg    ; scslvgrd.int
reserved.msg
siterm.msg      ; siterm.int
zislots.msg     ; zislots.int
ncwrichi.msg    ; ncwrichi.int
ncsheb.msg      ; ncsheb.int
scmrkgrd.msg    ; scmrkgrd.int
reserved.msg
reserved.msg
kcsulik.msg     ; kcsulik.int
schenry.msg     ; schenry.int
sccargrd.msg    ; sccargrd.int
reserved.msg
sccgtgrd.msg    ; sccgtgrd.int
vcoutprs.msg    ; vcoutprs.int
vccitprs.msg    ; vccitprs.int
vcgenfam.msg    ; vcgenfam.int
vcamaid.msg     ; vcamaid.int
gcrdesk.msg     ; gcrdesk.int
gcrghoul.msg    ; gcrghoul.int
gcrglow.msg     ; gcrglow.int
gcrguard.msg    ; gcrguard.int
gcrobot.msg     ; gcrobot.int
gcfolk.msg      ; gcfolk.int
gcworshp.msg    ; gcworshp.int
gcharold.msg    ; gcharold.int
gcpacoff.msg    ; gcpacoff.int
sctoto.msg      ; sctoto.int
scdoroth.msg    ; scdoroth.int
ncperson.msg    ; ncperson.int
reserved.msg
reserved.msg
scgond.msg      ; scgond.int
scduppo.msg     ; scduppo.int
reserved.msg
scsalbob.msg    ; scsalbob.int
zidcegrl.msg    ; zidcegrl.int
reserved.msg
zi8ball.msg     ; zi8ball.int
ncangbra.msg    ; ncangbra.int
nimcgslt.msg    ; nimcgslt.int
ncmcgee.msg     ; ncmcgee.int
nc3monte.msg    ; nc3monte.int
ncalgern.msg    ; ncalgern.int
ncbill.msg      ; ncbill.int
ncbisgrd.msg    ; ncbisgrd.int
ncbishop.msg    ; ncbishop.int
reserved.msg
ncchpboy.msg    ; ncchpboy.int
ncchrwri.msg    ; ncchrwri.int
nccody.msg      ; nccody.int
nccorbro.msg    ; nccorbro.int
nceldrid.msg    ; nceldrid.int
ncethwri.msg    ; ncethwri.int
ncftully.msg    ; ncftully.int
reserved.msg
ncliljes.msg    ; ncliljes.int
ncjimmyj.msg    ; ncjimmyj.int
nckeiwri.msg    ; nckeiwri.int
nclabish.msg    ; nclabish.int
nclloyd.msg     ; nclloyd.int
ncmason.msg     ; ncmason.int
ncmyrgrd.msg    ; ncmyrgrd.int
nhmyron.msg     ; nhmyron.int
ncnikki.msg     ; ncnikki.int
ncorvill.msg    ; ncorvill.int
ncpitbos.msg    ; ncpitbos.int
ncrenesc.msg    ; ncrenesc.int
ncresear.msg    ; ncresear.int
ncsalvat.msg    ; ncsalvat.int
ncstulit.msg    ; ncstulit.int
nctray.msg      ; nctray.int
ncbitch.msg     ; ncbitch.int
ncwriply.msg    ; ncwriply.int
sccop.msg       ; sccop.int
scoswald.msg    ; scoswald.int
scdusty.msg     ; scdusty.int
ncjules.msg     ; ncjules.int
nckitty.msg     ; nckitty.int
ncbarten.msg    ; ncbarten.int
sckarl.msg      ; sckarl.int
reserved.msg
ncbigjes.msg    ; ncbigjes.int
schoss.msg      ; schoss.int
simserum.msg    ; simserum.int
reserved.msg
reserved.msg
reserved.msg
reserved.msg
scdocjub.msg    ; scdocjub.int
reserved.msg
reserved.msg
reserved.msg
scsherif.msg    ; scsherif.int
scelise.msg     ; scelise.int
scwrhand.msg    ; scwrhand.int
scfelix.msg     ; scfelix.int
scwestin.msg    ; scwestin.int
scrondo.msg     ; scrondo.int
scrobo.msg      ; scrobo.int
reserved.msg
schal.msg       ; schal.int
scgunthr.msg    ; scgunthr.int
reserved.msg
eccvnmst.msg    ; eccvnmst.int
reserved.msg
eccvngrd.msg    ; eccvngrd.int
reserved.msg
ecmobstr.msg    ; ecmobstr.int
reserved.msg
echunter.msg    ; echunter.int
ecranger.msg    ; ecranger.int
ecmercs.msg     ; ecmercs.int
reserved.msg
reserved.msg
reserved.msg
reserved.msg
ecvltpat.msg    ; ecvltpat.int
reserved.msg
ecfarmer.msg    ; ecfarmer.int
reserved.msg
reserved.msg
reserved.msg
reserved.msg
reserved.msg
reserved.msg
reserved.msg
reserved.msg
reserved.msg
reserved.msg
ecabolst.msg    ; ecabolst.int
ecmonshn.msg    ; ecmonshn.int
reserved.msg
ecfshrmn.msg    ; ecfshrmn.int
ecslaver.msg    ; ecslaver.int
ectrappr.msg    ; ectrappr.int
sccarkid.msg    ; sccarkid.int
sccarlsn.msg    ; sccarlsn.int
reserved.msg
scofjack.msg    ; scofjack.int
scenlone.msg    ; scenlone.int
reserved.msg
gsterm.msg      ; gsterm.int
reserved.msg
scdthcla.msg    ; scdthcla.int
siexit.msg      ; siexit.int
sscomp.msg      ; sscomp.int
scfergus.msg    ; scfergus.int
ocariel.msg     ; ocariel.int
rcfannie.msg    ; rcfannie.int
oscomptr.msg    ; oscomptr.int
ocdalia.msg     ; ocdalia.int
ocdar.msg       ; ocdar.int
ocdave.msg      ; ocdave.int
ocgordon.msg    ; ocgordon.int
reserved.msg
reserved.msg
ocjimmy.msg     ; ocjimmy.int
ocjoseph.msg    ; ocjoseph.int
ocmatt.msg      ; ocmatt.int
reserved.msg
reserved.msg
vault13.msg     ; vault13.int
ocsandy.msg     ; ocsandy.int
reserved.msg
octhearn.msg    ; octhearn.int
reserved.msg
reserved.msg
ocvaldis.msg    ; ocvaldis.int
osvdrcmp.msg    ; osvdrcmp.int
reserved.msg
reserved.msg
ocgrunt.msg     ; ocgrunt.int
ocgoris.msg     ; ocgoris.int
reserved.msg
reserved.msg
reserved.msg
reserved.msg
bcphil.msg      ; bcphil.int
bcbill.msg      ; bcbill.int
mcbutchr.msg    ; mcbutchr.int
bcdalia.msg     ; bcdalia.int
bcjohn.msg      ; bcjohn.int
bcjones.msg     ; bcjones.int
bckarla.msg     ; bckarla.int
reserved.msg
bcrebecc.msg    ; bcrebecc.int
reserved.msg
mcdthclw.msg    ; mcdthclw.int
bcrobert.msg    ; bcrobert.int
bcsara.msg      ; bcsara.int
bczeke.msg      ; bczeke.int
reserved.msg
reserved.msg
bccrissy.msg    ; bccrissy.int
bcdarion.msg    ; bcdarion.int
bcdargrd.msg    ; bcdargrd.int
bcdardog.msg    ; bcdardog.int
vccasidy.msg    ; vccasidy.int
miwell.msg      ; miwell.int
reserved.msg
reserved.msg
reserved.msg
bselev.msg      ; bselev.int
mckildog.msg    ; mckildog.int
reserved.msg
reserved.msg
mcbess.msg      ; mcbess.int
reserved.msg
zccrpdel.msg    ; zccrpdel.int
bcgengrd.msg    ; bcgengrd.int
mcslag.msg      ; mcslag.int
reserved.msg
mcchild.msg     ; mcchild.int
hcaileen.msg    ; hcaileen.int
hcbnkgrd.msg    ; hcbnkgrd.int
hcdoc.msg       ; hcdoc.int
hcencha.msg     ; hcencha.int
hcenchb.msg     ; hcenchb.int
hcfemale.msg    ; hcfemale.int
hcfranci.msg    ; hcfranci.int
hcfrank.msg     ; hcfrank.int
hcghoul.msg     ; hcghoul.int
hcliz.msg       ; hcliz.int
hcmale.msg      ; hcmale.int
hcmanson.msg    ; hcmanson.int
hcmarcus.msg    ; hcmarcus.int
hcminers.msg    ; hcminers.int
hcmutant.msg    ; hcmutant.int
hcoutfit.msg    ; hcoutfit.int
hcphil.msg      ; hcphil.int
hcsteve.msg     ; hcsteve.int
hcsuper.msg     ; hcsuper.int
hczaius.msg     ; hczaius.int
hcjacob.msg     ; hcjacob.int
reserved.msg
migstprp.msg    ; migstprp.int
reserved.msg
bscomp1.msg     ; bscomp1.int
hcchad.msg      ; hcchad.int
reserved.msg
reserved.msg
reserved.msg
reserved.msg
ecwarpty.msg    ; ecwarpty.int
reserved.msg
ecoutcst.msg    ; ecoutcst.int
echlyppl.msg    ; echlyppl.int
ecnomad.msg     ; ecnomad.int
echomles.msg    ; echomles.int
ecbandit.msg    ; ecbandit.int
reserved.msg
reserved.msg
reserved.msg
ecslave.msg     ; ecslave.int
ecravpty.msg    ; ecravpty.int
reserved.msg
reserved.msg
reserved.msg
bscomp2.msg     ; bscomp2.int
bscomp3.msg     ; bscomp3.int
bscomp4.msg     ; bscomp4.int
bscomp5.msg     ; bscomp5.int
bspower.msg     ; bspower.int
bsfield.msg     ; bsfield.int
reserved.msg
bsemtr.msg      ; bsemtr.int
reserved.msg
reserved.msg
rndbess.msg     ; rndbess.int
ecbess.msg      ; ecbess.int
ecbescow.msg    ; ecbescow.int
ncangbis.msg    ; ncangbis.int
reserved.msg
niabissf.msg    ; niabissf.int
nimrbsf.msg     ; nimrbsf.int
nimrsbsf.msg    ; nimrsbsf.int
niowrisf.msg    ; niowrisf.int
niprigrv.msg    ; niprigrv.int
niwridrs.msg    ; niwridrs.int
niwrigrv.msg    ; niwrigrv.int
niwristi.msg    ; niwristi.int
reserved.msg
cave01.msg      ; cave01.int
reserved.msg
reserved.msg
reserved.msg
reserved.msg
reserved.msg
reserved.msg
reserved.msg
vctydwtn.msg    ; vctydwtn.int
reserved.msg
reserved.msg
ntlydrom.msg    ; ntlydrom.int
vcmoore.msg     ; vcmoore.int
reserved.msg
reserved.msg
reserved.msg
reserved.msg
vcsupgrd.msg    ; vcsupgrd.int
broken1.msg     ; broken1.int
rndexcow.msg    ; rndexcow.int
eccowbmb.msg    ; eccowbmb.int
rchakes.msg     ; rchakes.int
reserved.msg
bhrnddst.msg    ; bhrnddst.int
reserved.msg
rclou.msg       ; rclou.int
ecarthur.msg    ; ecarthur.int
ecrobin.msg     ; ecrobin.int
ecbedemi.msg    ; ecbedemi.int
ecsirlau.msg    ; ecsirlau.int
ecgalaha.msg    ; ecgalaha.int
rcwade.msg      ; rcwade.int
rcdick.msg      ; rcdick.int
rcrooney.msg    ; rcrooney.int
rcgenpes.msg    ; rcgenpes.int
rcstanwl.msg    ; rcstanwl.int
rcsavine.msg    ; rcsavine.int
rcmarge.msg     ; rcmarge.int
rcmodjes.msg    ; rcmodjes.int
rchoffy.msg     ; rchoffy.int
reserved.msg
ecpatsy.msg     ; ecpatsy.int
ecconcor.msg    ; ecconcor.int
eceric.msg      ; eceric.int
ecjohn.msg      ; ecjohn.int
ecjoshua.msg    ; ecjoshua.int
reserved.msg
ecbhead.msg     ; ecbhead.int
ecblkhro.msg    ; ecblkhro.int
ecredhro.msg    ; ecredhro.int
ecset.msg       ; ecset.int
ectandi.msg     ; ectandi.int
ecwhro1.msg     ; ecwhro1.int
ecwhro2.msg     ; ecwhro2.int
ecwheon1.msg    ; ecwheon1.int
reserved.msg
reserved.msg
reserved.msg
reserved.msg
reserved.msg
ecpdog.msg      ; ecpdog.int
ccdrill.msg     ; ccdrill.int
ccguard.msg     ; ccguard.int
cctech.msg      ; cctech.int
ccmandr.msg     ; ccmandr.int
ccchris.msg     ; ccchris.int
ccmaster.msg    ; ccmaster.int
ccgguard.msg    ; ccgguard.int
reserved.msg
ntcar1.msg      ; ntcar1.int
ntcar2.msg      ; ntcar2.int
reserved.msg
ecbridge.msg    ; ecbridge.int
reserved.msg
reserved.msg
ecmststr.msg    ; ecmststr.int
reserved.msg
ecyakuza.msg    ; ecyakuza.int
ecwilder.msg    ; ecwilder.int
reserved.msg
reserved.msg
ecunipat.msg    ; ecunipat.int
ectravlr.msg    ; ectravlr.int
ktsmoke.msg     ; ktsmoke.int
ectrader.msg    ; ectrader.int
ecscaven.msg    ; ecscaven.int
fcmercha.msg    ; fcmercha.int
fcbadpea.msg    ; fcbadpea.int
reserved.msg
fcdokwrk.msg    ; fcdokwrk.int
fcgudpea.msg    ; fcgudpea.int
fcshigrd.msg    ; fcshigrd.int
actemvil.msg    ; actemvil.int
reserved.msg
acklint.msg     ; acklint.int
reserved.msg
fcslabte.msg    ; fcslabte.int
fcskids.msg     ; fcskids.int
reserved.msg
fcdrfung.msg    ; fcdrfung.int
ocjul.msg       ; ocjul.int
ockerith.msg    ; ockerith.int
reserved.msg
reserved.msg
ecraibow.msg    ; ecraibow.int
ecmstamy.msg    ; ecmstamy.int
ecprospe.msg    ; ecprospe.int
ecprsgng.msg    ; ecprsgng.int
ecnomchf.msg    ; ecnomchf.int
ecelron.msg     ; ecelron.int
eccrazy.msg     ; eccrazy.int
ecclmjmp.msg    ; ecclmjmp.int
eccanbal.msg    ; eccanbal.int
ecnomsha.msg    ; ecnomsha.int
reserved.msg
reserved.msg
echermit.msg    ; echermit.int
ecgangs.msg     ; ecgangs.int
reserved.msg
reserved.msg
reserved.msg
reserved.msg
reserved.msg
reserved.msg
reserved.msg
reserved.msg
reserved.msg
ecfrmwfe.msg    ; ecfrmwfe.int
ecfrmkid.msg    ; ecfrmkid.int
echomest.msg    ; echomest.int
echomwfe.msg    ; echomwfe.int
echomkid.msg    ; echomkid.int
reserved.msg
reserved.msg
reserved.msg
reserved.msg
reserved.msg
ecelvpat.msg    ; ecelvpat.int
icmrccpt.msg    ; icmrccpt.int
icmerc.msg      ; icmerc.int
icscout.msg     ; icscout.int
iisafe.msg      ; iisafe.int
raiders1.msg    ; raiders1.int
raiders2.msg    ; raiders2.int
reserved.msg
reserved.msg
qhprzrch.msg    ; qhprzrch.int
wihowitz.msg    ; wihowitz.int
reserved.msg
ocbabdth.msg    ; ocbabdth.int
rcmcgrew.msg    ; rcmcgrew.int
rcdrjohn.msg    ; rcdrjohn.int
rcmarion.msg    ; rcmarion.int
rcascort.msg    ; rcascort.int
rcnord.msg      ; rcnord.int
rcvelani.msg    ; rcvelani.int
rcfern.msg      ; rcfern.int
fcdragon.msg    ; fcdragon.int
mcsblboy.msg    ; mcsblboy.int
mctrader.msg    ; mctrader.int
mcperson.msg    ; mcperson.int
mcslgext.msg    ; mcslgext.int
mcslggrd.msg    ; mcslggrd.int
fclopan.msg     ; fclopan.int
fcbadger.msg    ; fcbadger.int
rcjosh.msg      ; rcjosh.int
rccamint.msg    ; rccamint.int
rcbette.msg     ; rcbette.int
fcgunmer.msg    ; fcgunmer.int
reserved.msg
reserved.msg
reserved.msg
kcratgod.msg    ; kcratgod.int
reserved.msg
eckaga1.msg     ; eckaga1.int
eckaga2.msg     ; eckaga2.int
eckaga3.msg     ; eckaga3.int
eckaga4.msg     ; eckaga4.int
eckaga5.msg     ; eckaga5.int
ecbhuntr.msg    ; ecbhuntr.int
vimedcom.msg    ; vimedcom.int
vicencom.msg    ; vicencom.int
vialocom.msg    ; vialocom.int
vcdarrow.msg    ; vcdarrow.int
vcfarrel.msg    ; vcfarrel.int
vcbarpat.msg    ; vcbarpat.int
vcwrkcit.msg    ; vcwrkcit.int
vcslave.msg     ; vcslave.int
vishft2b.msg    ; vishft2b.int
reserved.msg
gsvalve.msg     ; gsvalve.int
reserved.msg
scwesgrd.msg    ; scwesgrd.int
reserved.msg
reserved.msg
sicmpwes.msg    ; sicmpwes.int
fsempter.msg    ; fsempter.int
qcbird.msg      ; qcbird.int
qcmartin.msg    ; qcmartin.int
fckenlee.msg    ; fckenlee.int
qcgranit.msg    ; qcgranit.int
qcfrank.msg     ; qcfrank.int
geckjunk.msg    ; geckjunk.int
gecktunl.msg    ; gecktunl.int
reserved.msg
reserved.msg
reserved.msg
reserved.msg
reserved.msg
qccurlng.msg    ; qccurlng.int
sssign.msg      ; sssign.int
reserved.msg
qcprssec.msg    ; qcprssec.int
qcmurray.msg    ; qcmurray.int
sscrpdor.msg    ; sscrpdor.int
reserved.msg
vctycocl.msg    ; vctycocl.int
hspurify.msg    ; hspurify.int
esentrks.msg    ; esentrks.int
rcgamble.msg    ; rcgamble.int
htcorpse.msg    ; htcorpse.int
sccheat.msg     ; sccheat.int
qcgenprs.msg    ; qcgenprs.int
qcgencit.msg    ; qcgencit.int
qcgengrd.msg    ; qcgengrd.int
qcgensci.msg    ; qcgensci.int
qipzltrm.msg    ; qipzltrm.int
etenter.msg     ; etenter.int
etbattle.msg    ; etbattle.int
reserved.msg
qibstdr1.msg    ; qibstdr1.int
reserved.msg
reserved.msg
reserved.msg
ectlkmut.msg    ; ectlkmut.int
fcchemst.msg    ; fcchemst.int
ecgrunde.msg    ; ecgrunde.int
ecmelkid.msg    ; ecmelkid.int
wiretscn.msg    ; wiretscn.int
wielvdor.msg    ; wielvdor.int
wibrkbrn.msg    ; wibrkbrn.int
reserved.msg
broken2.msg     ; broken2.int
reserved.msg
reserved.msg
reserved.msg
reserved.msg
dcderek.msg     ; dcderek.int
dctubfri.msg    ; dctubfri.int
dcgamble.msg    ; dcgamble.int
dcslave.msg     ; dcslave.int
dcmetrom.msg    ; dcmetrom.int
dcpengrd.msg    ; dcpengrd.int
dclara.msg      ; dclara.int
dctyler.msg     ; dctyler.int
dcmarc.msg      ; dcmarc.int
dibulbrd.msg    ; dibulbrd.int
dcvicgrd.msg    ; dcvicgrd.int
dcslvgrt.msg    ; dcslvgrt.int
dcfred.msg      ; dcfred.int
reserved.msg
reserved.msg
reserved.msg
reserved.msg
qipzldor.msg    ; qipzldor.int
fsphysta.msg    ; fsphysta.int
fsbiosta.msg    ; fsbiosta.int
fschesta.msg    ; fschesta.int
fclaocho.msg    ; fclaocho.int
fipaper.msg     ; fipaper.int
csvent.msg      ; csvent.int
reserved.msg
htbody.msg      ; htbody.int
qiwires.msg     ; qiwires.int
reserved.msg
dcrunslv.msg    ; dcrunslv.int
dcatkslv.msg    ; dcatkslv.int
dcrnslvr.msg    ; dcrnslvr.int
fcchip.msg      ; fcchip.int
reserved.msg
reserved.msg
rccshtnd.msg    ; rccshtnd.int
reserved.msg
rcwanami.msg    ; rcwanami.int
dcstory1.msg    ; dcstory1.int
dcstory2.msg    ; dcstory2.int
reserved.msg
fcsuze.msg      ; fcsuze.int
fcronmey.msg    ; fcronmey.int
reserved.msg
reserved.msg
reserved.msg
reserved.msg
fcdaveh.msg     ; fcdaveh.int
reserved.msg
reserved.msg
vccharly.msg    ; vccharly.int
sipaint.msg     ; sipaint.int
reserved.msg
vccoubar.msg    ; vccoubar.int
reserved.msg
viautdoc.msg    ; viautdoc.int
reserved.msg
reserved.msg
kcrob.msg       ; kcrob.int
reserved.msg
klamall.msg     ; klamall.int
klatrap.msg     ; klatrap.int
vcdwnbar.msg    ; vcdwnbar.int
reserved.msg
fcrocman.msg    ; fcrocman.int
fcoz7.msg       ; fcoz7.int
fccrocke.msg    ; fccrocke.int
vcamanda.msg    ; vcamanda.int
vcjoshua.msg    ; vcjoshua.int
vcmainwk.msg    ; vcmainwk.int
viteach.msg     ; viteach.int
dicrate.msg     ; dicrate.int
vcurine.msg     ; vcurine.int
vccurtis.msg    ; vccurtis.int
fcmarc.msg      ; fcmarc.int
fselcomp.msg    ; fselcomp.int
fcoz9.msg       ; fcoz9.int
fcelgrd.msg     ; fcelgrd.int
virocks.msg     ; virocks.int
vivltdor.msg    ; vivltdor.int
dcrebgrd.msg    ; dcrebgrd.int
dcrebdor.msg    ; dcrebdor.int
reserved.msg
zswsign.msg     ; zswsign.int
fcdrwong.msg    ; fcdrwong.int
reserved.msg
reserved.msg
fcfempnk.msg    ; fcfempnk.int
fcmalpnk.msg    ; fcmalpnk.int
fcryan.msg      ; fcryan.int
reserved.msg
fcjuavki.msg    ; fcjuavki.int
himanhol.msg    ; himanhol.int
reserved.msg
reserved.msg
reserved.msg
reserved.msg
reserved.msg
reserved.msg
reserved.msg
reserved.msg
reserved.msg
reserved.msg
reserved.msg
reserved.msg
reserved.msg
reserved.msg
reserved.msg
reserved.msg
reserved.msg
reserved.msg
reserved.msg
reserved.msg
reserved.msg
reserved.msg
reserved.msg
reserved.msg
reserved.msg
fcelrind.msg    ; fcelrind.int
fstnkcmp.msg    ; fstnkcmp.int
reserved.msg
reserved.msg
reserved.msg
reserved.msg
reserved.msg
reserved.msg
reserved.msg
cave6.msg       ; cave6.int
vcchet.msg      ; vcchet.int
newrvb.msg      ; newrvb.int
reserved.msg
reserved.msg
reserved.msg
reserved.msg
reserved.msg
reserved.msg
reserved.msg
reserved.msg
reserved.msg
reserved.msg
reserved.msg
reserved.msg
reserved.msg
reserved.msg
vcslav2.msg     ; vcslav2.int
vcbarcit.msg    ; vcbarcit.int
reserved.msg
reserved.msg
reserved.msg
ccxarn.msg      ; ccxarn.int
ccraul.msg      ; ccraul.int
ccquincy.msg    ; ccquincy.int
ccqmstr.msg     ; ccqmstr.int
ccmedgrd.msg    ; ccmedgrd.int
cck9.msg        ; cck9.int
ccdoctor.msg    ; ccdoctor.int
ccatech.msg     ; ccatech.int
ccacon.msg      ; ccacon.int
ccdrgrd.msg     ; ccdrgrd.int
ccggbak.msg     ; ccggbak.int
ccgrdca.msg     ; ccgrdca.int
ccgrdpa.msg     ; ccgrdpa.int
cctech1.msg     ; cctech1.int
cctech2.msg     ; cctech2.int
cccomp1.msg     ; cccomp1.int
cccomp2.msg     ; cccomp2.int
hicavein.msg    ; hicavein.int
reserved.msg
reserved.msg
reserved.msg
reserved.msg
reserved.msg
reserved.msg
reserved.msg
reserved.msg
qcsecbot.msg    ; qcsecbot.int
reserved.msg
hidead.msg      ; hidead.int
reserved.msg
reserved.msg
reserved.msg
reserved.msg
reserved.msg
ncanounc.msg    ; ncanounc.int
ncrnggrl.msg    ; ncrnggrl.int
ncprzftr.msg    ; ncprzftr.int
reserved.msg
reserved.msg
reserved.msg
reserved.msg
reserved.msg
hinote.msg      ; hinote.int
ecdogmet.msg    ; ecdogmet.int
nicatpw5.msg    ; nicatpw5.int
niraimap.msg    ; niraimap.int
ecpariah.msg    ; ecpariah.int
reserved.msg
reserved.msg
iipit.msg       ; iipit.int
fctnkgmr.msg    ; fctnkgmr.int
fctnkbar.msg    ; fctnkbar.int
fctnkmer.msg    ; fctnkmer.int
reserved.msg
reserved.msg
reserved.msg
reserved.msg
reserved.msg
reserved.msg
nif2hint.msg    ; nif2hint.int
cstouch.msg     ; cstouch.int
reserved.msg
rcascgrd.msg    ; rcascgrd.int
reserved.msg
reserved.msg
reserved.msg
hcdan.msg       ; hcdan.int
nccomedi.msg    ; nccomedi.int
ncband.msg      ; ncband.int
reserved.msg
reserved.msg
reserved.msg
ncwillie.msg    ; ncwillie.int
fsfobter.msg    ; fsfobter.int
fsfobdor.msg    ; fsfobdor.int
ccncomp.msg     ; ccncomp.int
vckohl.msg      ; vckohl.int
ecchild.msg     ; ecchild.int
cccook.msg      ; cccook.int
ccturret.msg    ; ccturret.int
hcbrian.msg     ; hcbrian.int
hipower.msg     ; hipower.int
hiconsol.msg    ; hiconsol.int
hcant1.msg      ; hcant1.int
hcant2.msg      ; hcant2.int
csxdoor.msg     ; csxdoor.int
htsecret.msg    ; htsecret.int
reserved.msg
hceric.msg      ; hceric.int
htflies.msg     ; htflies.int
reserved.msg
reserved.msg
rcjane.msg      ; rcjane.int
reserved.msg
cave7.msg       ; cave7.int
nidermal.msg    ; nidermal.int
reserved.msg
rcratray.msg    ; rcratray.int
hchuswif.msg    ; hchuswif.int
fclogrd.msg     ; fclogrd.int
navarro.msg     ; navarro.int
reserved.msg
reserved.msg
fcnluke.msg     ; fcnluke.int
fcdjosh.msg     ; fcdjosh.int
reserved.msg
fcfmatt.msg     ; fcfmatt.int
fsbrodor.msg    ; fsbrodor.int
reserved.msg
reserved.msg
fsface.msg      ; fsface.int
qiturtrm.msg    ; qiturtrm.int
reserved.msg
hcchuck.msg     ; hcchuck.int
reserved.msg
viterm.msg      ; viterm.int
reserved.msg
cccheat.msg     ; cccheat.int
reserved.msg
scpeaon.msg     ; scpeaon.int
direbbok.msg    ; direbbok.int
hcscorp.msg     ; hcscorp.int
hcprof.msg      ; hcprof.int
reserved.msg
reserved.msg
hcseymor.msg    ; hcseymor.int
hcsulvan.msg    ; hcsulvan.int
hclumpy.msg     ; hclumpy.int
bispyhol.msg    ; bispyhol.int
sihishol.msg    ; sihishol.int
siweshol.msg    ; siweshol.int
scbgrd.msg      ; scbgrd.int
reserved.msg
reserved.msg
hctyphon.msg    ; hctyphon.int
ecbdygrd.msg    ; ecbdygrd.int
reserved.msg
zilocker.msg    ; zilocker.int
hiwell.msg      ; hiwell.int
hcmicky.msg     ; hcmicky.int
reserved.msg
hcoldghl.msg    ; hcoldghl.int
hchench.msg     ; hchench.int
hcelmo.msg      ; hcelmo.int
nitoilet.msg    ; nitoilet.int
nicross.msg     ; nicross.int
reserved.msg
reserved.msg
reserved.msg
kcgnratr.msg    ; kcgnratr.int
reserved.msg
reserved.msg
nimedica.msg    ; nimedica.int
reserved.msg
reserved.msg
reserved.msg
reserved.msg
reserved.msg
reserved.msg
reserved.msg
reserved.msg
reserved.msg
reserved.msg
reserved.msg
reserved.msg
reserved.msg
reserved.msg
reserved.msg
reserved.msg
reserved.msg
reserved.msg
reserved.msg
reserved.msg
rndtoxic.msg    ; rndtoxic.int
ecirrad.msg     ; ecirrad.int
ectinwod.msg    ; ectinwod.int
reserved.msg
reserved.msg
reserved.msg
ecgrdtrm.msg    ; ecgrdtrm.int
reserved.msg
reserved.msg
reserved.msg
reserved.msg
kcwupass.msg    ; kcwupass.int
reserved.msg
reserved.msg
reserved.msg
reserved.msg
reserved.msg
reserved.msg
reserved.msg
reserved.msg
reserved.msg
reserved.msg
reserved.msg
reserved.msg
reserved.msg
reserved.msg
reserved.msg
reserved.msg
reserved.msg
reserved.msg
reserved.msg
reserved.msg
fcdocsqa.msg    ; fcdocsqa.int
fcdockid.msg    ; fcdockid.int
reserved.msg
gcpercy.msg     ; gcpercy.int
reserved.msg
reserved.msg
reserved.msg
dcanan.msg      ; dcanan.int
reserved.msg
ecwash.msg      ; ecwash.int
ecspammr.msg    ; ecspammr.int
eisanmap.msg    ; eisanmap.int
reserved.msg
reserved.msg
reserved.msg
reserved.msg
zinuke.msg      ; zinuke.int
reserved.msg
reserved.msg
reserved.msg
reserved.msg
ncexspou.msg    ; ncexspou.int
ecmel.msg       ; ecmel.int
reserved.msg
cckevin.msg     ; cckevin.int
reserved.msg
reserved.msg
reserved.msg
reserved.msg
ssstat.msg      ; ssstat.int
ctfob.msg       ; ctfob.int
ctplans.msg     ; ctplans.int
ctk9part.msg    ; ctk9part.int
reserved.msg
reserved.msg
ctsound.msg     ; ctsound.int
reserved.msg
reserved.msg
reserved.msg
reserved.msg
dccarnkd.msg    ; dccarnkd.int
reserved.msg
reserved.msg
reserved.msg
reserved.msg
reserved.msg
ntricrom.msg    ; ntricrom.int